// Jest Snapshot v1, https://goo.gl/fbAQLP

exports[`FilterForm matches a snapshot 1`] = `
<Fragment>
  <h2
    className="addFilterHeader"
  >
    Filter & Sort 
  </h2>
  <label
    className="questionLabel"
  >
    Question:
  </label>
  <input
    name="searchTerm"
    onChange={[MockFunction]}
    type="text"
    value="TA"
  />
</Fragment>
`;
