// Jest Snapshot v1, https://goo.gl/fbAQLP

exports[`Questions matches a snapshot 1`] = `
<Fragment>
  <h1
    className="center-align"
  >
    Queue
  </h1>
  <ToggleContent
    content={[Function]}
    toggle={[Function]}
  />
  <div
    id="modal-root"
  />
  <QuestionsList
    providerData="TA Name"
    questions={Array []}
  />
</Fragment>
`;
